[0.010s] Invoking command in '/home/emir/ros2_ws/build/custom_interfaces1': /usr/bin/cmake /home/emir/ros2_ws/src/custom_interfaces1 -DCMAKE_INSTALL_PREFIX=/home/emir/ros2_ws/install/custom_interfaces1
[0.021s] -- Found ament_cmake: 1.3.10 (/opt/ros/humble/share/ament_cmake/cmake)
[0.135s] -- Found geometry_msgs: 4.2.4 (/opt/ros/humble/share/geometry_msgs/cmake)
[0.157s] -- Found rosidl_generator_c: 3.1.5 (/opt/ros/humble/share/rosidl_generator_c/cmake)
[0.159s] -- Found rosidl_adapter: 3.1.5 (/opt/ros/humble/share/rosidl_adapter/cmake)
[0.164s] -- Found rosidl_generator_cpp: 3.1.5 (/opt/ros/humble/share/rosidl_generator_cpp/cmake)
[0.173s] -- Using all available rosidl_typesupport_c: rosidl_typesupport_fastrtps_c;rosidl_typesupport_introspection_c
[0.184s] -- Using all available rosidl_typesupport_cpp: rosidl_typesupport_fastrtps_cpp;rosidl_typesupport_introspection_cpp
[0.219s] -- Found rosidl_default_generators: 1.2.0 (/opt/ros/humble/share/rosidl_default_generators/cmake)
[0.506s] Error parsing '/home/emir/ros2_ws/src/custom_interfaces1/package.xml':
[0.571s] Traceback (most recent call last):
[0.571s]   File "/usr/lib/python3/dist-packages/catkin_pkg/package.py", line 610, in parse_package_string
[0.581s]     root = dom.parseString(data)
[0.581s]   File "/usr/lib/python3.10/xml/dom/minidom.py", line 2000, in parseString
[0.593s]     return expatbuilder.parseString(string)
[0.593s]   File "/usr/lib/python3.10/xml/dom/expatbuilder.py", line 925, in parseString
[0.610s]     return builder.parseString(string)
[0.611s]   File "/usr/lib/python3.10/xml/dom/expatbuilder.py", line 223, in parseString
[0.611s]     parser.Parse(string, True)
[0.611s] xml.parsers.expat.ExpatError: mismatched tag: line 24, column 2
[0.611s] 
[0.611s] During handling of the above exception, another exception occurred:
[0.611s] 
[0.611s] Traceback (most recent call last):
[0.611s]   File "/opt/ros/humble/share/ament_cmake_core/cmake/core/package_xml_2_cmake.py", line 150, in <module>
[0.611s]     main()
[0.611s]   File "/opt/ros/humble/share/ament_cmake_core/cmake/core/package_xml_2_cmake.py", line 53, in main
[0.611s]     raise e
[0.611s]   File "/opt/ros/humble/share/ament_cmake_core/cmake/core/package_xml_2_cmake.py", line 49, in main
[0.611s]     package = parse_package_string(
[0.611s]   File "/usr/lib/python3/dist-packages/catkin_pkg/package.py", line 612, in parse_package_string
[0.611s]     raise InvalidPackage('The manifest contains invalid XML:\n%s' % ex, filename)
[0.611s] catkin_pkg.package.InvalidPackage: Error(s) in package '/home/emir/ros2_ws/src/custom_interfaces1/package.xml':
[0.612s] The manifest contains invalid XML:
[0.612s] mismatched tag: line 24, column 2
[0.623s] [31mCMake Error at /opt/ros/humble/share/ament_cmake_core/cmake/core/ament_package_xml.cmake:95 (message):
[0.623s]   execute_process(/usr/bin/python3
[0.623s]   /opt/ros/humble/share/ament_cmake_core/cmake/core/package_xml_2_cmake.py
[0.623s]   /home/emir/ros2_ws/src/custom_interfaces1/package.xml
[0.623s]   /home/emir/ros2_ws/build/custom_interfaces1/ament_cmake_core/package.cmake)
[0.624s]   returned error code 1
[0.624s] Call Stack (most recent call first):
[0.624s]   /opt/ros/humble/share/ament_cmake_core/cmake/core/ament_package_xml.cmake:49 (_ament_package_xml)
[0.624s]   /opt/ros/humble/share/rosidl_cmake/cmake/rosidl_generate_interfaces.cmake:226 (ament_package_xml)
[0.624s]   CMakeLists.txt:13 (rosidl_generate_interfaces)
[0.624s] 
[0.624s] [0m
[0.624s] -- Configuring incomplete, errors occurred!
[0.624s] See also "/home/emir/ros2_ws/build/custom_interfaces1/CMakeFiles/CMakeOutput.log".
[0.629s] Invoked command in '/home/emir/ros2_ws/build/custom_interfaces1' returned '1': /usr/bin/cmake /home/emir/ros2_ws/src/custom_interfaces1 -DCMAKE_INSTALL_PREFIX=/home/emir/ros2_ws/install/custom_interfaces1
