[0.000000] (-) TimerEvent: {}
[0.000234] (-) JobUnselected: {'identifier': 'my_cpp_pkg'}
[0.000274] (-) JobUnselected: {'identifier': 'my_py_pkg'}
[0.000311] (custom_interfaces1) JobQueued: {'identifier': 'custom_interfaces1', 'dependencies': OrderedDict()}
[0.000340] (custom_interfaces1) JobStarted: {'identifier': 'custom_interfaces1'}
[0.007784] (custom_interfaces1) JobProgress: {'identifier': 'custom_interfaces1', 'progress': 'cmake'}
[0.007847] (custom_interfaces1) Command: {'cmd': ['/usr/bin/cmake', '/home/emir/ros2_ws/src/custom_interfaces1', '-DCMAKE_INSTALL_PREFIX=/home/emir/ros2_ws/install/custom_interfaces1'], 'cwd': '/home/emir/ros2_ws/build/custom_interfaces1', 'env': OrderedDict([('LESSOPEN', '| /usr/bin/lesspipe %s'), ('USER', 'emir'), ('LC_TIME', 'tr_TR.UTF-8'), ('XDG_SESSION_TYPE', 'wayland'), ('SHLVL', '1'), ('LD_LIBRARY_PATH', '/opt/ros/humble/opt/rviz_ogre_vendor/lib:/opt/ros/humble/lib/x86_64-linux-gnu:/opt/ros/humble/lib'), ('HOME', '/home/emir'), ('OLDPWD', '/home/emir'), ('DESKTOP_SESSION', 'ubuntu'), ('ROS_PYTHON_VERSION', '3'), ('GNOME_SHELL_SESSION_MODE', 'ubuntu'), ('GTK_MODULES', 'gail:atk-bridge'), ('LC_MONETARY', 'tr_TR.UTF-8'), ('MANAGERPID', '893'), ('SYSTEMD_EXEC_PID', '1435'), ('DBUS_SESSION_BUS_ADDRESS', 'unix:path=/run/user/1000/bus'), ('COLORTERM', 'truecolor'), ('TERMINATOR_DBUS_NAME', 'net.tenshu.Terminator25ef4b219e3b005583550f2b0f9f990c3'), ('GIO_LAUNCHED_DESKTOP_FILE_PID', '6177'), ('IM_CONFIG_PHASE', '1'), ('WAYLAND_DISPLAY', 'wayland-0'), ('COLCON_PREFIX_PATH', '/home/emir/ros2_ws/install'), ('ROS_DISTRO', 'humble'), ('LOGNAME', 'emir'), ('JOURNAL_STREAM', '8:9650'), ('_', '/usr/bin/colcon'), ('ROS_VERSION', '2'), ('XDG_SESSION_CLASS', 'user'), ('USERNAME', 'emir'), ('TERM', 'xterm-256color'), ('GNOME_DESKTOP_SESSION_ID', 'this-is-deprecated'), ('ROS_LOCALHOST_ONLY', '0'), ('PATH', '/opt/ros/humble/bin:/usr/local/sbin:/usr/local/bin:/usr/sbin:/usr/bin:/sbin:/bin:/usr/games:/usr/local/games:/snap/bin:/snap/bin'), ('SESSION_MANAGER', 'local/emir-VirtualBox:@/tmp/.ICE-unix/1048,unix/emir-VirtualBox:/tmp/.ICE-unix/1048'), ('INVOCATION_ID', 'c03dc02d33ed46b2a558721d3d14ba1c'), ('XDG_MENU_PREFIX', 'gnome-'), ('LC_ADDRESS', 'tr_TR.UTF-8'), ('GNOME_SETUP_DISPLAY', ':1'), ('XDG_RUNTIME_DIR', '/run/user/1000'), ('DISPLAY', ':0'), ('TERMINATOR_DBUS_PATH', '/net/tenshu/Terminator2'), ('LANG', 'en_US.UTF-8'), ('XDG_CURRENT_DESKTOP', 'ubuntu:GNOME'), ('IBUS_DISABLE_SNOOPER', '1'), ('LC_TELEPHONE', 'tr_TR.UTF-8'), ('XMODIFIERS', '@im=ibus'), ('XDG_SESSION_DESKTOP', 'ubuntu'), ('XAUTHORITY', '/run/user/1000/.mutter-Xwaylandauth.OGACU2'), ('LS_COLORS', 'rs=0:di=01;34:ln=01;36:mh=00:pi=40;33:so=01;35:do=01;35:bd=40;33;01:cd=40;33;01:or=40;31;01:mi=00:su=37;41:sg=30;43:ca=30;41:tw=30;42:ow=34;42:st=37;44:ex=01;32:*.tar=01;31:*.tgz=01;31:*.arc=01;31:*.arj=01;31:*.taz=01;31:*.lha=01;31:*.lz4=01;31:*.lzh=01;31:*.lzma=01;31:*.tlz=01;31:*.txz=01;31:*.tzo=01;31:*.t7z=01;31:*.zip=01;31:*.z=01;31:*.dz=01;31:*.gz=01;31:*.lrz=01;31:*.lz=01;31:*.lzo=01;31:*.xz=01;31:*.zst=01;31:*.tzst=01;31:*.bz2=01;31:*.bz=01;31:*.tbz=01;31:*.tbz2=01;31:*.tz=01;31:*.deb=01;31:*.rpm=01;31:*.jar=01;31:*.war=01;31:*.ear=01;31:*.sar=01;31:*.rar=01;31:*.alz=01;31:*.ace=01;31:*.zoo=01;31:*.cpio=01;31:*.7z=01;31:*.rz=01;31:*.cab=01;31:*.wim=01;31:*.swm=01;31:*.dwm=01;31:*.esd=01;31:*.jpg=01;35:*.jpeg=01;35:*.mjpg=01;35:*.mjpeg=01;35:*.gif=01;35:*.bmp=01;35:*.pbm=01;35:*.pgm=01;35:*.ppm=01;35:*.tga=01;35:*.xbm=01;35:*.xpm=01;35:*.tif=01;35:*.tiff=01;35:*.png=01;35:*.svg=01;35:*.svgz=01;35:*.mng=01;35:*.pcx=01;35:*.mov=01;35:*.mpg=01;35:*.mpeg=01;35:*.m2v=01;35:*.mkv=01;35:*.webm=01;35:*.webp=01;35:*.ogm=01;35:*.mp4=01;35:*.m4v=01;35:*.mp4v=01;35:*.vob=01;35:*.qt=01;35:*.nuv=01;35:*.wmv=01;35:*.asf=01;35:*.rm=01;35:*.rmvb=01;35:*.flc=01;35:*.avi=01;35:*.fli=01;35:*.flv=01;35:*.gl=01;35:*.dl=01;35:*.xcf=01;35:*.xwd=01;35:*.yuv=01;35:*.cgm=01;35:*.emf=01;35:*.ogv=01;35:*.ogx=01;35:*.aac=00;36:*.au=00;36:*.flac=00;36:*.m4a=00;36:*.mid=00;36:*.midi=00;36:*.mka=00;36:*.mp3=00;36:*.mpc=00;36:*.ogg=00;36:*.ra=00;36:*.wav=00;36:*.oga=00;36:*.opus=00;36:*.spx=00;36:*.xspf=00;36:'), ('SSH_AGENT_LAUNCHER', 'gnome-keyring'), ('SSH_AUTH_SOCK', '/run/user/1000/keyring/ssh'), ('AMENT_PREFIX_PATH', '/home/emir/ros2_ws/install/my_py_pkg:/home/emir/ros2_ws/install/my_cpp_pkg:/opt/ros/humble'), ('SHELL', '/bin/bash'), ('LC_NAME', 'tr_TR.UTF-8'), ('TERMINATOR_UUID', 'urn:uuid:ed4ee381-5d78-451a-bac4-160a2bffa87d'), ('QT_ACCESSIBILITY', '1'), ('GDMSESSION', 'ubuntu'), ('LESSCLOSE', '/usr/bin/lesspipe %s %s'), ('LC_MEASUREMENT', 'tr_TR.UTF-8'), ('LC_IDENTIFICATION', 'tr_TR.UTF-8'), ('QT_IM_MODULE', 'ibus'), ('PWD', '/home/emir/ros2_ws/build/custom_interfaces1'), ('LC_ALL', 'en_US.UTF-8'), ('XDG_CONFIG_DIRS', '/etc/xdg/xdg-ubuntu:/etc/xdg'), ('XDG_DATA_DIRS', '/usr/share/ubuntu:/usr/local/share/:/usr/share/:/var/lib/snapd/desktop'), ('PYTHONPATH', '/home/emir/ros2_ws/install/my_py_pkg/lib/python3.10/site-packages:/opt/ros/humble/lib/python3.10/site-packages:/opt/ros/humble/local/lib/python3.10/dist-packages'), ('LC_NUMERIC', 'tr_TR.UTF-8'), ('LC_PAPER', 'tr_TR.UTF-8'), ('COLCON', '1'), ('VTE_VERSION', '6800'), ('CMAKE_PREFIX_PATH', '/home/emir/ros2_ws/install/my_cpp_pkg')]), 'shell': False}
[0.020998] (custom_interfaces1) StdoutLine: {'line': b'-- Found ament_cmake: 1.3.10 (/opt/ros/humble/share/ament_cmake/cmake)\n'}
[0.100752] (-) TimerEvent: {}
[0.135599] (custom_interfaces1) StdoutLine: {'line': b'-- Found geometry_msgs: 4.2.4 (/opt/ros/humble/share/geometry_msgs/cmake)\n'}
[0.156970] (custom_interfaces1) StdoutLine: {'line': b'-- Found rosidl_generator_c: 3.1.5 (/opt/ros/humble/share/rosidl_generator_c/cmake)\n'}
[0.159196] (custom_interfaces1) StdoutLine: {'line': b'-- Found rosidl_adapter: 3.1.5 (/opt/ros/humble/share/rosidl_adapter/cmake)\n'}
[0.164667] (custom_interfaces1) StdoutLine: {'line': b'-- Found rosidl_generator_cpp: 3.1.5 (/opt/ros/humble/share/rosidl_generator_cpp/cmake)\n'}
[0.173627] (custom_interfaces1) StdoutLine: {'line': b'-- Using all available rosidl_typesupport_c: rosidl_typesupport_fastrtps_c;rosidl_typesupport_introspection_c\n'}
[0.184755] (custom_interfaces1) StdoutLine: {'line': b'-- Using all available rosidl_typesupport_cpp: rosidl_typesupport_fastrtps_cpp;rosidl_typesupport_introspection_cpp\n'}
[0.202212] (-) TimerEvent: {}
[0.218924] (custom_interfaces1) StdoutLine: {'line': b'-- Found rosidl_default_generators: 1.2.0 (/opt/ros/humble/share/rosidl_default_generators/cmake)\n'}
[0.302815] (-) TimerEvent: {}
[0.403253] (-) TimerEvent: {}
[0.504123] (-) TimerEvent: {}
[0.506587] (custom_interfaces1) StderrLine: {'line': b"Error parsing '/home/emir/ros2_ws/src/custom_interfaces1/package.xml':\n"}
[0.571506] (custom_interfaces1) StderrLine: {'line': b'Traceback (most recent call last):\n'}
[0.571655] (custom_interfaces1) StderrLine: {'line': b'  File "/usr/lib/python3/dist-packages/catkin_pkg/package.py", line 610, in parse_package_string\n'}
[0.580845] (custom_interfaces1) StderrLine: {'line': b'    root = dom.parseString(data)\n'}
[0.580946] (custom_interfaces1) StderrLine: {'line': b'  File "/usr/lib/python3.10/xml/dom/minidom.py", line 2000, in parseString\n'}
[0.593712] (custom_interfaces1) StderrLine: {'line': b'    return expatbuilder.parseString(string)\n'}
[0.593812] (custom_interfaces1) StderrLine: {'line': b'  File "/usr/lib/python3.10/xml/dom/expatbuilder.py", line 925, in parseString\n'}
[0.609880] (-) TimerEvent: {}
[0.610405] (custom_interfaces1) StderrLine: {'line': b'    return builder.parseString(string)\n'}
[0.610828] (custom_interfaces1) StderrLine: {'line': b'  File "/usr/lib/python3.10/xml/dom/expatbuilder.py", line 223, in parseString\n'}
[0.610921] (custom_interfaces1) StderrLine: {'line': b'    parser.Parse(string, True)\n'}
[0.610979] (custom_interfaces1) StderrLine: {'line': b'xml.parsers.expat.ExpatError: mismatched tag: line 24, column 2\n'}
[0.611033] (custom_interfaces1) StderrLine: {'line': b'\n'}
[0.611084] (custom_interfaces1) StderrLine: {'line': b'During handling of the above exception, another exception occurred:\n'}
[0.611135] (custom_interfaces1) StderrLine: {'line': b'\n'}
[0.611185] (custom_interfaces1) StderrLine: {'line': b'Traceback (most recent call last):\n'}
[0.611246] (custom_interfaces1) StderrLine: {'line': b'  File "/opt/ros/humble/share/ament_cmake_core/cmake/core/package_xml_2_cmake.py", line 150, in <module>\n'}
[0.611297] (custom_interfaces1) StderrLine: {'line': b'    main()\n'}
[0.611346] (custom_interfaces1) StderrLine: {'line': b'  File "/opt/ros/humble/share/ament_cmake_core/cmake/core/package_xml_2_cmake.py", line 53, in main\n'}
[0.611437] (custom_interfaces1) StderrLine: {'line': b'    raise e\n'}
[0.611583] (custom_interfaces1) StderrLine: {'line': b'  File "/opt/ros/humble/share/ament_cmake_core/cmake/core/package_xml_2_cmake.py", line 49, in main\n'}
[0.611637] (custom_interfaces1) StderrLine: {'line': b'    package = parse_package_string(\n'}
[0.611688] (custom_interfaces1) StderrLine: {'line': b'  File "/usr/lib/python3/dist-packages/catkin_pkg/package.py", line 612, in parse_package_string\n'}
[0.611738] (custom_interfaces1) StderrLine: {'line': b"    raise InvalidPackage('The manifest contains invalid XML:\\n%s' % ex, filename)\n"}
[0.611787] (custom_interfaces1) StderrLine: {'line': b"catkin_pkg.package.InvalidPackage: Error(s) in package '/home/emir/ros2_ws/src/custom_interfaces1/package.xml':\n"}
[0.611837] (custom_interfaces1) StderrLine: {'line': b'The manifest contains invalid XML:\n'}
[0.611886] (custom_interfaces1) StderrLine: {'line': b'mismatched tag: line 24, column 2\n'}
[0.623315] (custom_interfaces1) StderrLine: {'line': b'\x1b[31mCMake Error at /opt/ros/humble/share/ament_cmake_core/cmake/core/ament_package_xml.cmake:95 (message):\n'}
[0.623524] (custom_interfaces1) StderrLine: {'line': b'  execute_process(/usr/bin/python3\n'}
[0.623603] (custom_interfaces1) StderrLine: {'line': b'  /opt/ros/humble/share/ament_cmake_core/cmake/core/package_xml_2_cmake.py\n'}
[0.623660] (custom_interfaces1) StderrLine: {'line': b'  /home/emir/ros2_ws/src/custom_interfaces1/package.xml\n'}
[0.623712] (custom_interfaces1) StderrLine: {'line': b'  /home/emir/ros2_ws/build/custom_interfaces1/ament_cmake_core/package.cmake)\n'}
[0.623829] (custom_interfaces1) StderrLine: {'line': b'  returned error code 1\n'}
[0.623880] (custom_interfaces1) StderrLine: {'line': b'Call Stack (most recent call first):\n'}
[0.623930] (custom_interfaces1) StderrLine: {'line': b'  /opt/ros/humble/share/ament_cmake_core/cmake/core/ament_package_xml.cmake:49 (_ament_package_xml)\n'}
[0.623979] (custom_interfaces1) StderrLine: {'line': b'  /opt/ros/humble/share/rosidl_cmake/cmake/rosidl_generate_interfaces.cmake:226 (ament_package_xml)\n'}
[0.624028] (custom_interfaces1) StderrLine: {'line': b'  CMakeLists.txt:13 (rosidl_generate_interfaces)\n'}
[0.624076] (custom_interfaces1) StderrLine: {'line': b'\n'}
[0.624123] (custom_interfaces1) StderrLine: {'line': b'\x1b[0m\n'}
[0.624195] (custom_interfaces1) StdoutLine: {'line': b'-- Configuring incomplete, errors occurred!\n'}
[0.624288] (custom_interfaces1) StdoutLine: {'line': b'See also "/home/emir/ros2_ws/build/custom_interfaces1/CMakeFiles/CMakeOutput.log".\n'}
[0.629277] (custom_interfaces1) CommandEnded: {'returncode': 1}
[0.629929] (custom_interfaces1) JobEnded: {'identifier': 'custom_interfaces1', 'rc': 1}
[0.640517] (-) EventReactorShutdown: {}
